
> backend@1.0.0 build
> tsc

src/app.ts(38,37): error TS2345: Argument of type 'string | undefined' is not assignable to parameter of type 'string'.
  Type 'undefined' is not assignable to type 'string'.
src/routes/focus.ts(30,67): error TS2379: Argument of type '{ duration_mins: number; journey_day_id?: string | undefined; }' is not assignable to parameter of type '{ duration_mins: number; journey_day_id?: string; }' with 'exactOptionalPropertyTypes: true'. Consider adding 'undefined' to the types of the target's properties.
  Types of property 'journey_day_id' are incompatible.
    Type 'string | undefined' is not assignable to type 'string'.
      Type 'undefined' is not assignable to type 'string'.
src/routes/focus.ts(72,64): error TS2379: Argument of type '{ duration_mins: number; journey_day_id: string | undefined; started_at: Date | undefined; }' is not assignable to parameter of type '{ duration_mins: number; journey_day_id?: string; started_at?: Date; }' with 'exactOptionalPropertyTypes: true'. Consider adding 'undefined' to the types of the target's properties.
  Types of property 'journey_day_id' are incompatible.
    Type 'string | undefined' is not assignable to type 'string'.
      Type 'undefined' is not assignable to type 'string'.
src/routes/habits.ts(17,61): error TS2379: Argument of type '{ where: { category_id: string; } | undefined; include: { habit_categories: true; }; orderBy: { title: "asc"; }; }' is not assignable to parameter of type '{ select?: habit_templatesSelect<DefaultArgs> | null; omit?: habit_templatesOmit<DefaultArgs> | null; ... 6 more ...; distinct?: Habit_templatesScalarFieldEnum | Habit_templatesScalarFieldEnum[]; }' with 'exactOptionalPropertyTypes: true'. Consider adding 'undefined' to the types of the target's properties.
  Types of property 'where' are incompatible.
    Type '{ category_id: string; } | undefined' is not assignable to type 'habit_templatesWhereInput'.
      Type 'undefined' is not assignable to type 'habit_templatesWhereInput'.
src/routes/notifications.ts(221,89): error TS2379: Argument of type '{ status: "read" | "unread" | undefined; type: string | undefined; limit: number | undefined; offset: number | undefined; }' is not assignable to parameter of type '{ status?: "read" | "unread"; type?: string; limit?: number; offset?: number; }' with 'exactOptionalPropertyTypes: true'. Consider adding 'undefined' to the types of the target's properties.
  Types of property 'status' are incompatible.
    Type '"read" | "unread" | undefined' is not assignable to type '"read" | "unread"'.
      Type 'undefined' is not assignable to type '"read" | "unread"'.
src/routes/settings.ts(210,93): error TS2379: Argument of type '{ enabled?: boolean | undefined; tone?: "supportive" | "motivational" | "direct" | undefined; frequency?: "weekly" | "daily" | "on_demand" | undefined; topics?: string[] | undefined; }' is not assignable to parameter of type '{ enabled?: boolean; tone?: "supportive" | "motivational" | "direct"; frequency?: "weekly" | "daily" | "on_demand"; topics?: string[]; }' with 'exactOptionalPropertyTypes: true'. Consider adding 'undefined' to the types of the target's properties.
  Types of property 'enabled' are incompatible.
    Type 'boolean | undefined' is not assignable to type 'boolean'.
      Type 'undefined' is not assignable to type 'boolean'.
src/services/analytics.service.ts(361,34): error TS2345: Argument of type 'Date' is not assignable to parameter of type 'number'.
src/services/analytics.service.ts(378,9): error TS2322: Type 'string | undefined' is not assignable to type 'string'.
  Type 'undefined' is not assignable to type 'string'.
src/services/analytics.service.ts(384,44): error TS2532: Object is possibly 'undefined'.
src/services/analytics.service.ts(385,45): error TS2532: Object is possibly 'undefined'.
src/services/buddies.service.ts(679,26): error TS2538: Type 'undefined' cannot be used as an index type.
src/services/buddies.service.ts(681,26): error TS2538: Type 'undefined' cannot be used as an index type.
src/services/challenges.service.ts(89,5): error TS2322: Type '"streak" | "consistency" | "completion" | "speed" | undefined' is not assignable to type '"streak" | "consistency" | "completion" | "speed"'.
  Type 'undefined' is not assignable to type '"streak" | "consistency" | "completion" | "speed"'.
src/services/notifications-feed.service.ts(68,9): error TS2322: Type '{ id: string; type: string; title: string; message: string; created_at: Date; is_read: boolean; icon_name: string; action_data: { button_text: string | undefined; route: string | undefined; }; related_entity_id: string | undefined; }[]' is not assignable to type 'NotificationItem[]'.
  Type '{ id: string; type: string; title: string; message: string; created_at: Date; is_read: boolean; icon_name: string; action_data: { button_text: string | undefined; route: string | undefined; }; related_entity_id: string | undefined; }' is not assignable to type 'NotificationItem' with 'exactOptionalPropertyTypes: true'. Consider adding 'undefined' to the types of the target's properties.
    Types of property 'related_entity_id' are incompatible.
      Type 'string | undefined' is not assignable to type 'string'.
        Type 'undefined' is not assignable to type 'string'.
src/services/streaks.service.ts(71,7): error TS2322: Type 'string | undefined' is not assignable to type 'string'.
  Type 'undefined' is not assignable to type 'string'.
